13:31:51 **** Auto Build of configuration Debug for project prog1 ****
make all 
'Building file: ../src/gpio.c'
'Invoking: MicroBlaze gcc compiler'
mb-gcc -Wall -O0 -g3 -c -fmessage-length=0 -MT"src/gpio.o" -I../../prog1_bsp/microblaze_0/include -mlittle-endian -mcpu=v11.0 -mxl-soft-mul -Wl,--no-relax -ffunction-sections -fdata-sections -MMD -MP -MF"src/gpio.d" -MT"src/gpio.o" -o "src/gpio.o" "../src/gpio.c"
'Finished building: ../src/gpio.c'
' '
'Building target: prog1.elf'
'Invoking: MicroBlaze gcc linker'
mb-gcc -Wl,-T -Wl,../src/lscript.ld -L../../prog1_bsp/microblaze_0/lib -mlittle-endian -mcpu=v11.0 -mxl-soft-mul -Wl,--no-relax -Wl,--gc-sections -o "prog1.elf"  ./src/gpio.o ./src/helloworld.o ./src/matrix.o ./src/platform.o   -Wl,--start-group,-lxil,-lgcc,-lc,--end-group
'Finished building target: prog1.elf'
' '
'Invoking: MicroBlaze Print Size'
mb-size prog1.elf  |tee "prog1.elf.size"
   text	   data	    bss	    dec	    hex	filename
  13628	   1308	   3176	  18112	   46c0	prog1.elf
'Finished building: prog1.elf.size'
' '

13:31:53 Build Finished (took 2s.236ms)

