Copyright 1986-2019 Xilinx, Inc. All Rights Reserved.
---------------------------------------------------------------------------------------------
| Tool Version : Vivado v.2019.1 (win64) Build 2552052 Fri May 24 14:49:42 MDT 2019
| Date         : Thu Nov 27 16:53:11 2025
| Host         : lab20 running 64-bit major release  (build 9200)
| Command      : report_control_sets -verbose -file design_1_wrapper_control_sets_placed.rpt
| Design       : design_1_wrapper
| Device       : xc7a100t
---------------------------------------------------------------------------------------------

Control Set Information

Table of Contents
-----------------
1. Summary
2. Histogram
3. Flip-Flop Distribution
4. Detailed Control Set Information

1. Summary
----------

+----------------------------------------------------------+-------+
|                          Status                          | Count |
+----------------------------------------------------------+-------+
| Total control sets                                       |    75 |
|    Minimum number of control sets                        |    75 |
|    Addition due to synthesis replication                 |     0 |
|    Addition due to physical synthesis replication        |     0 |
| Unused register locations in slices containing registers |   172 |
+----------------------------------------------------------+-------+
* Control sets can be merged at opt_design using control_set_merge or merge_equivalent_drivers
** Run report_qor_suggestions for automated merging and remapping suggestions


2. Histogram
------------

+--------------------+-------+
|       Fanout       | Count |
+--------------------+-------+
| Total control sets |    75 |
| >= 0 to < 4        |     1 |
| >= 4 to < 6        |    12 |
| >= 6 to < 8        |     4 |
| >= 8 to < 10       |     3 |
| >= 10 to < 12      |     3 |
| >= 12 to < 14      |     1 |
| >= 14 to < 16      |     9 |
| >= 16              |    42 |
+--------------------+-------+
* Control sets can be remapped at either synth_design or opt_design


3. Flip-Flop Distribution
-------------------------

+--------------+-----------------------+------------------------+-----------------+--------------+
| Clock Enable | Synchronous Set/Reset | Asynchronous Set/Reset | Total Registers | Total Slices |
+--------------+-----------------------+------------------------+-----------------+--------------+
| No           | No                    | No                     |             231 |           79 |
| No           | No                    | Yes                    |               0 |            0 |
| No           | Yes                   | No                     |             380 |          173 |
| Yes          | No                    | No                     |            2757 |          969 |
| Yes          | No                    | Yes                    |               0 |            0 |
| Yes          | Yes                   | No                     |             596 |          206 |
+--------------+-----------------------+------------------------+-----------------+--------------+


4. Detailed Control Set Information
-----------------------------------

+-------------------------------------+-----------------------------------------------------------------------------------------------------------------------------------------------------+----------------------------------------------------------------------------------------------------------------------+------------------+----------------+
|             Clock Signal            |                                                                    Enable Signal                                                                    |                                                   Set/Reset Signal                                                   | Slice Load Count | Bel Load Count |
+-------------------------------------+-----------------------------------------------------------------------------------------------------------------------------------------------------+----------------------------------------------------------------------------------------------------------------------+------------------+----------------+
|  design_1_i/clk_wiz_1/inst/clk_out1 | design_1_i/microblaze_0/U0/MicroBlaze_Core_I/Performance.Core/Decode_I/Use_MuxCy[11].OF_Piperun_Stage/MUXCY_I/of_pause_reg                          |                                                                                                                      |                1 |              2 |
|  design_1_i/clk_wiz_1/inst/clk_out1 |                                                                                                                                                     | design_1_i/calc_0/inst/ap_CS_fsm_state81                                                                             |                2 |              4 |
|  design_1_i/clk_wiz_1/inst/clk_out1 | design_1_i/axi_gpio_0/U0/AXI_LITE_IPIF_I/I_SLAVE_ATTACHMENT/start2                                                                                  | design_1_i/axi_gpio_0/U0/AXI_LITE_IPIF_I/I_SLAVE_ATTACHMENT/I_DECODER/cs_ce_clr                                      |                1 |              4 |
|  design_1_i/clk_wiz_1/inst/clk_out1 |                                                                                                                                                     | design_1_i/axi_gpio_0/U0/AXI_LITE_IPIF_I/I_SLAVE_ATTACHMENT/clear                                                    |                2 |              4 |
|  design_1_i/clk_wiz_1/inst/clk_out1 | design_1_i/calc_0/inst/A_ce0737_out                                                                                                                 |                                                                                                                      |                2 |              4 |
|  design_1_i/clk_wiz_1/inst/clk_out1 | design_1_i/axi_gpio_0/U0/AXI_LITE_IPIF_I/I_SLAVE_ATTACHMENT/bus2ip_addr_i[8]_i_1_n_0                                                                | design_1_i/axi_gpio_0/U0/AXI_LITE_IPIF_I/I_SLAVE_ATTACHMENT/SR[0]                                                    |                2 |              4 |
|  design_1_i/clk_wiz_1/inst/clk_out1 | design_1_i/axi_uartlite_0/U0/UARTLITE_CORE_I/BAUD_RATE_I/p_2_out[0]                                                                                 |                                                                                                                      |                1 |              4 |
|  design_1_i/clk_wiz_1/inst/clk_out1 | design_1_i/calc_0/inst/B_address01                                                                                                                  |                                                                                                                      |                3 |              4 |
|  design_1_i/clk_wiz_1/inst/clk_out1 | design_1_i/calc_0/inst/ap_phi_mux_i_0_phi_fu_1110_p41                                                                                               | design_1_i/calc_0/inst/i_0_reg_1106[3]_i_1_n_1                                                                       |                1 |              4 |
|  design_1_i/clk_wiz_1/inst/clk_out1 | design_1_i/axi_uartlite_0/U0/AXI_LITE_IPIF_I/I_SLAVE_ATTACHMENT/start2                                                                              | design_1_i/axi_uartlite_0/U0/AXI_LITE_IPIF_I/I_SLAVE_ATTACHMENT/I_DECODER/cs_ce_clr                                  |                1 |              4 |
|  design_1_i/clk_wiz_1/inst/clk_out1 |                                                                                                                                                     | design_1_i/rst_clk_wiz_1_100M/U0/EXT_LPF/lpf_int                                                                     |                3 |              5 |
|  design_1_i/clk_wiz_1/inst/clk_out1 | design_1_i/calc_0/inst/ap_CS_fsm_pp0_stage0                                                                                                         |                                                                                                                      |                3 |              5 |
|  design_1_i/clk_wiz_1/inst/clk_out1 | design_1_i/calc_0/inst/calc_AXILiteS_s_axi_U/rdata[31]_i_2_n_1                                                                                      |                                                                                                                      |                2 |              5 |
|  design_1_i/clk_wiz_1/inst/clk_out1 |                                                                                                                                                     | design_1_i/axi_uartlite_0/U0/UARTLITE_CORE_I/UARTLITE_RX_I/SRL_FIFO_I/I_SRL_FIFO_RBU_F/CNTR_INCR_DECR_ADDN_F_I/SS[0] |                2 |              6 |
|  design_1_i/clk_wiz_1/inst/clk_out1 |                                                                                                                                                     | design_1_i/axi_uartlite_0/U0/UARTLITE_CORE_I/UARTLITE_TX_I/SRL_FIFO_I/I_SRL_FIFO_RBU_F/CNTR_INCR_DECR_ADDN_F_I/SS[0] |                2 |              6 |
|  design_1_i/clk_wiz_1/inst/clk_out1 | design_1_i/rst_clk_wiz_1_100M/U0/SEQ/seq_cnt_en                                                                                                     | design_1_i/rst_clk_wiz_1_100M/U0/SEQ/SEQ_COUNTER/clear                                                               |                1 |              6 |
|  design_1_i/clk_wiz_1/inst/clk_out1 | design_1_i/axi_uartlite_0/U0/UARTLITE_CORE_I/BAUD_RATE_I/p_2_out[0]                                                                                 | design_1_i/axi_uartlite_0/U0/UARTLITE_CORE_I/UARTLITE_RX_I/SERIAL_TO_PARALLEL[8].fifo_din[8]_i_1_n_0                 |                2 |              7 |
|  design_1_i/clk_wiz_1/inst/clk_out1 | design_1_i/axi_uartlite_0/U0/AXI_LITE_IPIF_I/I_SLAVE_ATTACHMENT/I_DECODER/fifo_wr                                                                   |                                                                                                                      |                1 |              8 |
|  design_1_i/clk_wiz_1/inst/clk_out1 | design_1_i/axi_uartlite_0/U0/UARTLITE_CORE_I/UARTLITE_RX_I/SRL_FIFO_I/I_SRL_FIFO_RBU_F/DYNSHREG_F_I/fifo_wr                                         |                                                                                                                      |                1 |              8 |
|  design_1_i/clk_wiz_1/inst/clk_out1 | design_1_i/axi_uartlite_0/U0/AXI_LITE_IPIF_I/I_SLAVE_ATTACHMENT/s_axi_rresp_i                                                                       | design_1_i/axi_uartlite_0/U0/AXI_LITE_IPIF_I/I_SLAVE_ATTACHMENT/rst                                                  |                3 |              8 |
|  design_1_i/clk_wiz_1/inst/clk_out1 |                                                                                                                                                     | design_1_i/axi_uartlite_0/U0/AXI_LITE_IPIF_I/I_SLAVE_ATTACHMENT/rst                                                  |                4 |             10 |
|  design_1_i/clk_wiz_1/inst/clk_out1 | design_1_i/calc_0/inst/calc_AXILiteS_s_axi_U/aw_hs                                                                                                  |                                                                                                                      |                2 |             10 |
|  design_1_i/clk_wiz_1/inst/clk_out1 | design_1_i/microblaze_0/U0/MicroBlaze_Core_I/Performance.Core/Decode_I/mem_wait_on_ready_N_carry_or/MUXCY_I/lopt_1                                  | design_1_i/microblaze_0/U0/MicroBlaze_Core_I/sync_reset                                                              |                4 |             11 |
|  design_1_i/clk_wiz_1/inst/clk_out1 |                                                                                                                                                     | design_1_i/microblaze_0_axi_periph/xbar/inst/gen_sasd.crossbar_sasd_0/addr_arbiter_inst/SR[0]                        |                5 |             13 |
|  design_1_i/clk_wiz_1/inst/clk_out1 | design_1_i/calc_0/inst/ap_CS_fsm_state11                                                                                                            |                                                                                                                      |                7 |             15 |
|  design_1_i/clk_wiz_1/inst/clk_out1 | design_1_i/calc_0/inst/ap_CS_fsm_state9                                                                                                             |                                                                                                                      |                9 |             15 |
|  design_1_i/clk_wiz_1/inst/clk_out1 | design_1_i/calc_0/inst/ap_CS_fsm_state10                                                                                                            |                                                                                                                      |               11 |             15 |
|  design_1_i/clk_wiz_1/inst/clk_out1 | design_1_i/calc_0/inst/ap_CS_fsm_state2                                                                                                             |                                                                                                                      |                9 |             15 |
|  design_1_i/clk_wiz_1/inst/clk_out1 | design_1_i/calc_0/inst/ap_CS_fsm_state63                                                                                                            |                                                                                                                      |               10 |             15 |
|  design_1_i/clk_wiz_1/inst/clk_out1 | design_1_i/calc_0/inst/ap_CS_fsm_state64                                                                                                            |                                                                                                                      |                9 |             15 |
|  design_1_i/clk_wiz_1/inst/clk_out1 | design_1_i/calc_0/inst/ap_CS_fsm_state65                                                                                                            |                                                                                                                      |                8 |             15 |
|  design_1_i/clk_wiz_1/inst/clk_out1 | design_1_i/calc_0/inst/ap_CS_fsm_state8                                                                                                             |                                                                                                                      |                9 |             15 |
|  design_1_i/clk_wiz_1/inst/clk_out1 | design_1_i/microblaze_0_axi_periph/xbar/inst/gen_sasd.crossbar_sasd_0/reg_slice_r/aa_rready                                                         |                                                                                                                      |                8 |             15 |
|  design_1_i/clk_wiz_1/inst/clk_out1 | design_1_i/microblaze_0/U0/MicroBlaze_Core_I/Performance.Core/Decode_I/PreFetch_Buffer_I1/OF_Valid_DFF/Using_FPGA.Native_0[0]                       | design_1_i/microblaze_0/U0/MicroBlaze_Core_I/sync_reset                                                              |                8 |             16 |
|  design_1_i/clk_wiz_1/inst/clk_out1 | design_1_i/axi_gpio_0/U0/AXI_LITE_IPIF_I/I_SLAVE_ATTACHMENT/I_DECODER/bus2ip_rnw_i_reg_1[0]                                                         | design_1_i/axi_gpio_0/U0/AXI_LITE_IPIF_I/I_SLAVE_ATTACHMENT/SR[0]                                                    |                6 |             16 |
|  design_1_i/clk_wiz_1/inst/clk_out1 | design_1_i/axi_gpio_0/U0/AXI_LITE_IPIF_I/I_SLAVE_ATTACHMENT/s_axi_rresp_i                                                                           | design_1_i/axi_gpio_0/U0/AXI_LITE_IPIF_I/I_SLAVE_ATTACHMENT/SR[0]                                                    |                4 |             17 |
|  design_1_i/clk_wiz_1/inst/clk_out1 | design_1_i/calc_0/inst/mul_ln20_6_fu_1599_p2[-1111111097]_i_1_n_1                                                                                   |                                                                                                                      |               16 |             19 |
|  design_1_i/clk_wiz_1/inst/clk_out1 | design_1_i/microblaze_0_axi_periph/xbar/inst/gen_sasd.crossbar_sasd_0/addr_arbiter_inst/p_0_in1_in                                                  | design_1_i/microblaze_0_axi_periph/xbar/inst/gen_sasd.crossbar_sasd_0/addr_arbiter_inst/SR[0]                        |                7 |             26 |
|  design_1_i/clk_wiz_1/inst/clk_out1 | design_1_i/calc_0/inst/calc_AXILiteS_s_axi_U/rdata[31]_i_2_n_1                                                                                      | design_1_i/calc_0/inst/calc_AXILiteS_s_axi_U/rdata[31]_i_1_n_1                                                       |               10 |             27 |
|  design_1_i/clk_wiz_1/inst/clk_out1 | design_1_i/axi_uartlite_0/U0/UARTLITE_CORE_I/BAUD_RATE_I/p_2_out[0]                                                                                 | design_1_i/axi_uartlite_0/U0/UARTLITE_CORE_I/UARTLITE_RX_I/s_axi_aresetn_0                                           |                7 |             28 |
|  design_1_i/clk_wiz_1/inst/clk_out1 |                                                                                                                                                     | design_1_i/axi_uartlite_0/U0/UARTLITE_CORE_I/UARTLITE_RX_I/s_axi_aresetn_0                                           |                8 |             30 |
|  design_1_i/clk_wiz_1/inst/clk_out1 | design_1_i/calc_0/inst/rdata_reg[31]_i_6_n_1                                                                                                        |                                                                                                                      |               11 |             32 |
|  design_1_i/clk_wiz_1/inst/clk_out1 | design_1_i/calc_0/inst/result_we06                                                                                                                  |                                                                                                                      |               14 |             32 |
|  design_1_i/clk_wiz_1/inst/clk_out1 | design_1_i/calc_0/inst/mul_ln20_6_fu_1599_p2[-1111111097]_i_3_n_1                                                                                   |                                                                                                                      |               25 |             32 |
|  design_1_i/clk_wiz_1/inst/clk_out1 | design_1_i/microblaze_0/U0/MicroBlaze_Core_I/Performance.Core/Decode_I/PreFetch_Buffer_I1/Gen_Mux_Select_LUT6[1].Gen_Sel_DFF/Using_FPGA.Native_0[0] | design_1_i/microblaze_0/U0/MicroBlaze_Core_I/sync_reset                                                              |               11 |             32 |
|  design_1_i/clk_wiz_1/inst/clk_out1 | design_1_i/calc_0/inst/empty_15_reg_3299[31]_i_1_n_1                                                                                                |                                                                                                                      |               11 |             32 |
|  design_1_i/clk_wiz_1/inst/clk_out1 |                                                                                                                                                     | design_1_i/axi_gpio_0/U0/AXI_LITE_IPIF_I/I_SLAVE_ATTACHMENT/I_DECODER/bus2ip_rnw_i_reg_2                             |                8 |             32 |
|  design_1_i/clk_wiz_1/inst/clk_out1 |                                                                                                                                                     | design_1_i/axi_gpio_0/U0/AXI_LITE_IPIF_I/I_SLAVE_ATTACHMENT/SR[0]                                                    |               12 |             32 |
|  design_1_i/clk_wiz_1/inst/clk_out1 |                                                                                                                                                     | design_1_i/microblaze_0/U0/MicroBlaze_Core_I/Performance.Core/p_1_out                                                |               17 |             32 |
|  design_1_i/clk_wiz_1/inst/clk_out1 | design_1_i/axi_gpio_0/U0/AXI_LITE_IPIF_I/I_SLAVE_ATTACHMENT/I_DECODER/E[0]                                                                          | design_1_i/axi_gpio_0/U0/AXI_LITE_IPIF_I/I_SLAVE_ATTACHMENT/SR[0]                                                    |               12 |             32 |
|  design_1_i/clk_wiz_1/inst/clk_out1 | design_1_i/calc_0/inst/calc_AXILiteS_s_axi_U/int_result/E[0]                                                                                        |                                                                                                                      |               18 |             32 |
|  design_1_i/clk_wiz_1/inst/clk_out1 | design_1_i/microblaze_0_axi_periph/xbar/inst/gen_sasd.crossbar_sasd_0/reg_slice_r/s_axi_rvalid[0]                                                   | design_1_i/microblaze_0/U0/MicroBlaze_Core_I/sync_reset                                                              |                7 |             32 |
|  design_1_i/clk_wiz_1/inst/clk_out1 | design_1_i/calc_0/inst/B_load_13_reg_2008_reg[31]_i_2_n_1                                                                                           |                                                                                                                      |               21 |             32 |
|  design_1_i/clk_wiz_1/inst/clk_out1 | design_1_i/microblaze_0/U0/MicroBlaze_Core_I/Performance.Core/Decode_I/Use_MuxCy[3].OF_Piperun_Stage/MUXCY_I/Using_FPGA.Native_0                    | design_1_i/microblaze_0/U0/MicroBlaze_Core_I/Performance.Core/Decode_I/R                                             |               10 |             32 |
|  design_1_i/clk_wiz_1/inst/clk_out1 | design_1_i/calc_0/inst/rdata_reg[31]_i_11_n_1                                                                                                       |                                                                                                                      |               15 |             32 |
|  design_1_i/clk_wiz_1/inst/clk_out1 | design_1_i/microblaze_0/U0/MicroBlaze_Core_I/Performance.Core/Decode_I/mem_wait_on_ready_N_carry_or/MUXCY_I/lopt_1                                  | design_1_i/microblaze_0/U0/MicroBlaze_Core_I/Performance.Core/Decode_I/SR[0]                                         |               15 |             32 |
|  design_1_i/clk_wiz_1/inst/clk_out1 | design_1_i/calc_0/inst/rdata_reg[31]_i_9_n_1                                                                                                        |                                                                                                                      |               15 |             32 |
|  design_1_i/clk_wiz_1/inst/clk_out1 | design_1_i/calc_0/inst/reg_1137                                                                                                                     |                                                                                                                      |                9 |             32 |
|  design_1_i/clk_wiz_1/inst/clk_out1 | design_1_i/microblaze_0_axi_periph/xbar/inst/gen_sasd.crossbar_sasd_0/addr_arbiter_inst/E[0]                                                        |                                                                                                                      |                8 |             33 |
|  design_1_i/clk_wiz_1/inst/clk_out1 | design_1_i/microblaze_0/U0/MicroBlaze_Core_I/Performance.Core/Decode_I/PreFetch_Buffer_I1/Gen_Mux_Select_LUT6[3].Mux_Select_LUT6/IReady_0           |                                                                                                                      |               10 |             75 |
|  design_1_i/clk_wiz_1/inst/clk_out1 | design_1_i/microblaze_0/U0/MicroBlaze_Core_I/Performance.Core/Decode_I/Use_MuxCy[3].OF_Piperun_Stage/MUXCY_I/Using_FPGA.Native_0                    | design_1_i/microblaze_0/U0/MicroBlaze_Core_I/sync_reset                                                              |               29 |             79 |
|  design_1_i/clk_wiz_1/inst/clk_out1 |                                                                                                                                                     | design_1_i/microblaze_0/U0/MicroBlaze_Core_I/sync_reset                                                              |               57 |            102 |
|  design_1_i/clk_wiz_1/inst/clk_out1 |                                                                                                                                                     | design_1_i/calc_0/inst/calc_AXILiteS_s_axi_U/ap_rst_n_inv                                                            |               51 |            104 |
|  design_1_i/clk_wiz_1/inst/clk_out1 | design_1_i/microblaze_0/U0/MicroBlaze_Core_I/Performance.Core/Decode_I/D[31]                                                                        |                                                                                                                      |               16 |            128 |
|  design_1_i/clk_wiz_1/inst/clk_out1 | design_1_i/calc_0/inst/mul_ln20_11_reg_28280                                                                                                        |                                                                                                                      |               55 |            139 |
|  design_1_i/clk_wiz_1/inst/clk_out1 | design_1_i/calc_0/inst/mul_ln20_13_reg_29680                                                                                                        |                                                                                                                      |               53 |            154 |
|  design_1_i/clk_wiz_1/inst/clk_out1 | design_1_i/calc_0/inst/mul_ln20_17_reg_26930                                                                                                        |                                                                                                                      |               57 |            154 |
|  design_1_i/clk_wiz_1/inst/clk_out1 | design_1_i/calc_0/inst/mul_ln20_15_reg_30880                                                                                                        |                                                                                                                      |               67 |            166 |
|  design_1_i/clk_wiz_1/inst/clk_out1 | design_1_i/calc_0/inst/mul_ln20_16_reg_26430                                                                                                        |                                                                                                                      |               59 |            169 |
|  design_1_i/clk_wiz_1/inst/clk_out1 | design_1_i/microblaze_0/U0/MicroBlaze_Core_I/Performance.Core/Decode_I/Use_MuxCy[11].OF_Piperun_Stage/MUXCY_I/of_pause_reg                          | design_1_i/microblaze_0/U0/MicroBlaze_Core_I/sync_reset                                                              |               65 |            179 |
|  design_1_i/clk_wiz_1/inst/clk_out1 |                                                                                                                                                     |                                                                                                                      |               80 |            234 |
|  design_1_i/clk_wiz_1/inst/clk_out1 | design_1_i/calc_0/inst/add_ln20_13_reg_31280                                                                                                        |                                                                                                                      |               64 |            256 |
|  design_1_i/clk_wiz_1/inst/clk_out1 | design_1_i/calc_0/inst/add_ln20_14_reg_27580                                                                                                        |                                                                                                                      |              112 |            395 |
|  design_1_i/clk_wiz_1/inst/clk_out1 | design_1_i/calc_0/inst/add_ln20_16_reg_28980                                                                                                        |                                                                                                                      |              118 |            395 |
|  design_1_i/clk_wiz_1/inst/clk_out1 | design_1_i/calc_0/inst/add_ln20_10_reg_30180                                                                                                        |                                                                                                                      |              127 |            422 |
+-------------------------------------+-----------------------------------------------------------------------------------------------------------------------------------------------------+----------------------------------------------------------------------------------------------------------------------+------------------+----------------+


